// Jest Snapshot v1, https://goo.gl/fbAQLP

exports[`layouts/empty.vue renders correctly 1`] = `<nuxt-stub></nuxt-stub>`;
